101 opponents; home=titanium66 seed=7 workers=4; 101 to play (0 cached)
[1/101] Adam                             titanium66 sets=[2, 1] (W1-L0)
[2/101] Apex                             Apex sets=[1, 2] (W1-L1)
[3/101] Pixel_Heart                      titanium66 sets=[2, 0] (W2-L1)
[4/101] LeBlock_James                    LeBlock_James sets=[1, 2] (W2-L2)
[5/101] Zudan6                           titanium66 sets=[2, 0] (W3-L2)
[6/101] Safe_Corner_v0.3                 titanium66 sets=[2, 1] (W4-L2)
[7/101] _Court-Weaver_8a4b6c1584e7       titanium66 sets=[2, 1] (W5-L2)
[8/101] aia                              titanium66 sets=[2, 1] (W6-L2)
[9/101] aia3                             titanium66 sets=[2, 0] (W7-L2)
[10/101] alternator                       titanium66 sets=[2, 0] (W8-L2)
[11/101] bat                              titanium66 sets=[2, 0] (W9-L2)
[12/101] botA                             titanium66 sets=[2, 0] (W10-L2)
[13/101] botB                             titanium66 sets=[2, 0] (W11-L2)
[14/101] cross_court                      titanium66 sets=[2, 0] (W12-L2)
[15/101] graphc_demo_tennis               titanium66 sets=[2, 0] (W13-L2)
[16/101] graphc_rival                     titanium66 sets=[2, 0] (W14-L2)
[17/101] graphc_serve_latch               titanium66 sets=[2, 0] (W15-L2)
[18/101] helperdemo                       titanium66 sets=[2, 0] (W16-L2)
[19/101] martico2432v7                    titanium66 sets=[2, 0] (W17-L2)
[20/101] nqvxf22                          titanium66 sets=[2, 0] (W18-L2)
[21/101] open_court                       titanium66 sets=[2, 0] (W19-L2)
[22/101] pusher                           titanium66 sets=[2, 0] (W20-L2)
[23/101] safe-corner-league-e12           titanium66 sets=[2, 1] (W21-L2)
[24/101] safe_corner_v02                  titanium66 sets=[2, 0] (W22-L2)
[25/101] sim_titanium28                   titanium66 sets=[2, 1] (W23-L2)
[26/101] sim_titanium28alt                titanium66 sets=[2, 0] (W24-L2)
[27/101] sim_titanium30                   titanium66 sets=[2, 1] (W25-L2)
[28/101] sim_titanium32                   titanium66 sets=[2, 0] (W26-L2)
[29/101] sim_titanium31                   titanium66 sets=[2, 1] (W27-L2)
[30/101] sim_v2811alt                     titanium66 sets=[2, 1] (W28-L2)
[31/101] sim_v288alt                      titanium66 sets=[2, 1] (W29-L2)
[32/101] sim_v2814                        titanium66 sets=[2, 1] (W30-L2)
[33/101] simop_v2811                      titanium66 sets=[2, 0] (W31-L2)
[34/101] simop_v2811alt                   titanium66 sets=[2, 1] (W32-L2)
[35/101] simop_v2814                      titanium66 sets=[2, 1] (W33-L2)
[36/101] slicer                           slicer sets=[0, 2] (W33-L3)
[37/101] simop_v288                       titanium66 sets=[2, 0] (W34-L3)
[38/101] stock                            titanium66 sets=[2, 0] (W35-L3)
[39/101] titanium10                       titanium66 sets=[2, 0] (W36-L3)
[40/101] simop_v288alt                    titanium66 sets=[2, 0] (W37-L3)
[41/101] titanium11                       titanium66 sets=[2, 1] (W38-L3)
[42/101] titanium12                       titanium66 sets=[2, 1] (W39-L3)
[43/101] titanium13                       titanium66 sets=[2, 0] (W40-L3)
[44/101] titanium14                       titanium66 sets=[2, 0] (W41-L3)
[45/101] titanium15                       titanium66 sets=[2, 1] (W42-L3)
[46/101] titanium2                        titanium2 sets=[0, 2] (W42-L4)
[47/101] titanium16                       titanium66 sets=[2, 1] (W43-L4)
[48/101] titanium3                        titanium66 sets=[2, 0] (W44-L4)
[49/101] titanium31                       titanium66 sets=[2, 1] (W45-L4)
[50/101] titanium28alt                    titanium66 sets=[2, 1] (W46-L4)
[51/101] titanium32                       titanium66 sets=[2, 0] (W47-L4)
[52/101] titanium34                       titanium66 sets=[2, 1] (W48-L4)
[53/101] titanium33                       titanium66 sets=[2, 1] (W49-L4)
[54/101] titanium35                       titanium66 sets=[2, 1] (W50-L4)
[55/101] titanium36                       titanium66 sets=[2, 1] (W51-L4)
[56/101] titanium36_1                     titanium66 sets=[2, 1] (W52-L4)
[57/101] titanium37                       titanium66 sets=[2, 1] (W53-L4)
[58/101] titanium38                       titanium66 sets=[2, 1] (W54-L4)
[59/101] titanium39                       titanium66 sets=[2, 0] (W55-L4)
[60/101] titanium4                        titanium66 sets=[2, 0] (W56-L4)
[61/101] titanium40                       titanium66 sets=[2, 0] (W57-L4)
[62/101] titanium42                       titanium66 sets=[2, 0] (W58-L4)
[63/101] titanium41                       titanium66 sets=[2, 0] (W59-L4)
[64/101] titanium43                       titanium66 sets=[2, 0] (W60-L4)
[65/101] titanium44                       titanium66 sets=[2, 1] (W61-L4)
[66/101] titanium45                       titanium66 sets=[2, 1] (W62-L4)
[67/101] titanium46                       titanium66 sets=[2, 1] (W63-L4)
[68/101] titanium46_upstreamtest          titanium66 sets=[2, 1] (W64-L4)
[69/101] titanium47                       titanium66 sets=[2, 1] (W65-L4)
[70/101] titanium48                       titanium66 sets=[2, 1] (W66-L4)
[71/101] titanium5                        titanium66 sets=[2, 0] (W67-L4)
[72/101] titanium49                       titanium66 sets=[2, 1] (W68-L4)
[73/101] titanium50                       titanium66 sets=[2, 1] (W69-L4)
[74/101] titanium51                       titanium66 sets=[2, 1] (W70-L4)
[75/101] titanium52                       titanium66 sets=[2, 1] (W71-L4)
[76/101] titanium53                       titanium66 sets=[2, 1] (W72-L4)
[77/101] titanium55                       titanium66 sets=[2, 0] (W73-L4)
[78/101] titanium54                       titanium66 sets=[2, 1] (W74-L4)
[79/101] titanium56                       titanium66 sets=[2, 0] (W75-L4)
[80/101] titanium57                       titanium66 sets=[2, 0] (W76-L4)
[81/101] titanium58                       titanium66 sets=[2, 1] (W77-L4)
[82/101] titanium58perf                   titanium66 sets=[2, 1] (W78-L4)
[83/101] titanium59                       titanium66 sets=[2, 1] (W79-L4)
[84/101] titanium6                        titanium66 sets=[2, 0] (W80-L4)
[85/101] titanium61                       titanium66 sets=[2, 0] (W81-L4)
[86/101] titanium60                       titanium66 sets=[2, 0] (W82-L4)
[87/101] titanium62                       titanium66 sets=[2, 1] (W83-L4)
[88/101] titanium63                       titanium66 sets=[2, 0] (W84-L4)
[89/101] titanium64                       titanium66 sets=[2, 1] (W85-L4)
[90/101] titanium7                        titanium66 sets=[2, 0] (W86-L4)
[91/101] titanium65                       titanium66 sets=[2, 0] (W87-L4)
[92/101] titanium8                        titanium66 sets=[2, 0] (W88-L4)
[93/101] titanium9                        titanium66 sets=[2, 0] (W89-L4)
[94/101] underdog                         titanium66 sets=[2, 0] (W90-L4)
[95/101] titanium_perf                    titanium66 sets=[2, 1] (W91-L4)
[96/101] v1.3 BlockBall                   titanium66 sets=[2, 0] (W92-L4)
[97/101] v1.5 BlockBall                   titanium66 sets=[2, 0] (W93-L4)
[98/101] v1.5 BlockBall organized         titanium66 sets=[2, 0] (W94-L4)
[99/101] v1.8 BlockBall                   titanium66 sets=[2, 0] (W95-L4)
[100/101] v1_PY_Martico2432                titanium66 sets=[2, 0] (W96-L4)
[101/101] Unlucky                          titanium66 sets=[2, 1] (W97-L4)
done: +97W +4L this run -> C:\gitProjects\aia_comp-sim\data\tennis\titanium_ladder.jsonl
